// Jest Snapshot v1, https://goo.gl/fbAQLP

exports[`returns all expected notes 1`] = `
Array [
  "C",
  "C",
  "C",
  "C",
  "C",
  "C",
  "C",
  "C",
  "C",
  "C",
  "C#",
  "C#",
  "D",
  "D",
  "D",
  "D",
  "D",
  "D",
  "D",
  "D",
  "D",
  "D",
  "D",
  "D#",
  "D#",
  "E",
  "E",
  "E",
  "E",
  "E",
  "E",
  "E",
  "E",
  "E",
  "E",
  "E",
  "F",
  "F",
  "F",
  "F",
  "F",
  "F",
  "F",
  "F",
  "F",
  "F",
  "F",
  "F#",
  "F#",
  "G",
  "G",
  "G",
  "G",
  "G",
  "G",
  "G",
  "G",
  "G",
  "G",
  "G",
  "G#",
  "A",
  "A",
  "A",
  "A",
  "A",
  "A",
  "A",
  "A",
  "A",
  "A",
  "A",
  "A#",
  "A#",
  "B",
  "B",
  "B",
  "B",
  "B",
  "B",
  "B",
  "B",
  "B",
  "B",
  "B",
  "C",
  "C",
  "C",
  "C",
  "C",
  "C",
  "C",
  "C",
  "C",
  "C",
  "C",
  "C",
  "C",
  "B",
  "B",
  "B",
  "B",
  "B",
  "B",
  "B",
  "B",
  "B",
  "B",
  "B",
  "A#",
  "A#",
  "A",
  "A",
  "A",
  "A",
  "A",
  "A",
  "A",
  "A",
  "A",
  "A",
  "G#",
  "G#",
  "G",
  "G",
  "G",
  "G",
  "G",
  "G",
  "G",
  "G",
  "G",
  "G",
  "G",
  "F#",
  "F#",
  "F",
  "F",
  "F",
  "F",
  "F",
  "F",
  "F",
  "F",
  "F",
  "F",
  "F",
  "E",
  "E",
  "E",
  "E",
  "E",
  "E",
  "E",
  "E",
  "E",
  "E",
  "E",
  "D#",
  "D",
  "D",
  "D",
  "D",
  "D",
  "D",
  "D",
  "D",
  "D",
  "D",
  "D",
  "C#",
  "C#",
  "C",
  "C",
  "C",
  "C",
  "C",
  "C",
]
`;
